대상 http://localhost:8080
100문항 x 5회 = 500회 호출
출력 results/fpr_gw_none.jsonl

[   5/500] G-101    오류 0  경과 0.2분  남은시간 약 22분
[  10/500] G-102    오류 0  경과 0.5분  남은시간 약 24분
[  15/500] G-103    오류 0  경과 0.8분  남은시간 약 25분
[  20/500] G-104    오류 0  경과 1.0분  남은시간 약 24분
[  25/500] G-105    오류 0  경과 1.3분  남은시간 약 24분
[  30/500] G-106    오류 0  경과 1.5분  남은시간 약 24분
[  35/500] G-107    오류 0  경과 1.8분  남은시간 약 23분
[  40/500] G-108    오류 0  경과 2.0분  남은시간 약 23분
[  45/500] G-109    오류 0  경과 2.2분  남은시간 약 23분
[  50/500] G-110    오류 0  경과 2.4분  남은시간 약 22분
[  55/500] G-111    오류 0  경과 2.7분  남은시간 약 22분
[  60/500] G-112    오류 0  경과 2.9분  남은시간 약 21분
[  65/500] G-113    오류 0  경과 3.2분  남은시간 약 21분
[  70/500] G-114    오류 0  경과 3.4분  남은시간 약 21분
[  75/500] G-115    오류 0  경과 3.6분  남은시간 약 20분
[  80/500] G-116    오류 0  경과 3.8분  남은시간 약 20분
[  85/500] G-117    오류 0  경과 4.1분  남은시간 약 20분
[  90/500] G-118    오류 0  경과 4.3분  남은시간 약 20분
[  95/500] G-119    오류 0  경과 4.6분  남은시간 약 20분
[ 100/500] G-120    오류 0  경과 4.8분  남은시간 약 19분
[ 105/500] G-201    오류 0  경과 5.1분  남은시간 약 19분
[ 110/500] G-202    오류 0  경과 5.4분  남은시간 약 19분
[ 115/500] G-203    오류 0  경과 5.6분  남은시간 약 19분
[ 120/500] G-204    오류 0  경과 5.8분  남은시간 약 18분
[ 125/500] G-205    오류 0  경과 6.0분  남은시간 약 18분
[ 130/500] G-206    오류 0  경과 6.3분  남은시간 약 18분
[ 135/500] G-207    오류 0  경과 6.5분  남은시간 약 18분
[ 140/500] G-208    오류 0  경과 6.7분  남은시간 약 17분
[ 145/500] G-209    오류 0  경과 7.0분  남은시간 약 17분
[ 150/500] G-210    오류 0  경과 7.2분  남은시간 약 17분
[ 155/500] G-211    오류 0  경과 7.4분  남은시간 약 16분
[ 160/500] G-212    오류 0  경과 7.6분  남은시간 약 16분
[ 165/500] G-213    오류 0  경과 7.8분  남은시간 약 16분
[ 170/500] G-214    오류 0  경과 8.0분  남은시간 약 16분
[ 175/500] G-215    오류 0  경과 8.3분  남은시간 약 15분
[ 180/500] G-216    오류 0  경과 8.5분  남은시간 약 15분
[ 185/500] G-217    오류 0  경과 8.8분  남은시간 약 15분
[ 190/500] G-218    오류 0  경과 9.0분  남은시간 약 15분
[ 195/500] G-219    오류 0  경과 9.2분  남은시간 약 14분
[ 200/500] G-220    오류 0  경과 9.4분  남은시간 약 14분
[ 205/500] G-301    오류 0  경과 9.7분  남은시간 약 14분
[ 210/500] G-302    오류 0  경과 9.9분  남은시간 약 14분
[ 215/500] G-303    오류 0  경과 10.1분  남은시간 약 13분
[ 220/500] G-304    오류 0  경과 10.3분  남은시간 약 13분
[ 225/500] G-305    오류 0  경과 10.6분  남은시간 약 13분
[ 230/500] G-306    오류 0  경과 10.8분  남은시간 약 13분
[ 235/500] G-307    오류 0  경과 11.0분  남은시간 약 12분
[ 240/500] G-308    오류 0  경과 11.2분  남은시간 약 12분
[ 245/500] G-309    오류 0  경과 11.5분  남은시간 약 12분
[ 250/500] G-310    오류 0  경과 11.7분  남은시간 약 12분
[ 255/500] G-311    오류 0  경과 11.9분  남은시간 약 11분
[ 260/500] G-312    오류 0  경과 12.1분  남은시간 약 11분
[ 265/500] G-313    오류 0  경과 12.3분  남은시간 약 11분
[ 270/500] G-314    오류 0  경과 12.5분  남은시간 약 11분
[ 275/500] G-315    오류 0  경과 12.8분  남은시간 약 10분
[ 280/500] G-316    오류 0  경과 13.0분  남은시간 약 10분
[ 285/500] G-317    오류 0  경과 13.2분  남은시간 약 10분
[ 290/500] G-318    오류 0  경과 13.5분  남은시간 약 10분
[ 295/500] G-319    오류 0  경과 13.7분  남은시간 약 10분
[ 300/500] G-320    오류 0  경과 13.9분  남은시간 약 9분
[ 305/500] P-101    오류 0  경과 14.2분  남은시간 약 9분
[ 310/500] P-102    오류 0  경과 14.4분  남은시간 약 9분
[ 315/500] P-103    오류 0  경과 14.7분  남은시간 약 9분
[ 320/500] P-104    오류 0  경과 14.9분  남은시간 약 8분
[ 325/500] P-105    오류 0  경과 15.2분  남은시간 약 8분
[ 330/500] P-106    오류 0  경과 15.4분  남은시간 약 8분
[ 335/500] P-107    오류 0  경과 15.7분  남은시간 약 8분
[ 340/500] P-108    오류 0  경과 15.9분  남은시간 약 8분
[ 345/500] P-109    오류 0  경과 16.3분  남은시간 약 7분
[ 350/500] P-110    오류 0  경과 16.6분  남은시간 약 7분
[ 355/500] P-111    오류 0  경과 16.8분  남은시간 약 7분
[ 360/500] P-112    오류 0  경과 17.1분  남은시간 약 7분
[ 365/500] P-113    오류 0  경과 17.3분  남은시간 약 6분
[ 370/500] P-114    오류 0  경과 17.6분  남은시간 약 6분
[ 375/500] P-115    오류 0  경과 17.8분  남은시간 약 6분
[ 380/500] P-116    오류 0  경과 18.1분  남은시간 약 6분
[ 385/500] P-117    오류 0  경과 18.4분  남은시간 약 5분
[ 390/500] P-118    오류 0  경과 18.7분  남은시간 약 5분
[ 395/500] P-119    오류 0  경과 18.9분  남은시간 약 5분
[ 400/500] P-120    오류 0  경과 19.1분  남은시간 약 5분
[ 405/500] P-121    오류 0  경과 19.4분  남은시간 약 5분
[ 410/500] P-122    오류 0  경과 19.7분  남은시간 약 4분
[ 415/500] P-123    오류 0  경과 20.0분  남은시간 약 4분
[ 420/500] P-124    오류 0  경과 20.2분  남은시간 약 4분
[ 425/500] P-125    오류 0  경과 20.5분  남은시간 약 4분
[ 430/500] B-101    오류 0  경과 20.7분  남은시간 약 3분
[ 435/500] B-102    오류 0  경과 21.0분  남은시간 약 3분
[ 440/500] B-103    오류 0  경과 21.3분  남은시간 약 3분
[ 445/500] B-104    오류 0  경과 21.5분  남은시간 약 3분
[ 450/500] B-105    오류 0  경과 21.8분  남은시간 약 2분
[ 455/500] B-106    오류 0  경과 22.0분  남은시간 약 2분
[ 460/500] B-107    오류 0  경과 22.3분  남은시간 약 2분
[ 465/500] B-108    오류 0  경과 22.5분  남은시간 약 2분
[ 470/500] B-109    오류 0  경과 22.7분  남은시간 약 1분
[ 475/500] B-110    오류 0  경과 23.0분  남은시간 약 1분
[ 480/500] B-111    오류 0  경과 23.8분  남은시간 약 1분
[ 485/500] B-112    오류 0  경과 24.1분  남은시간 약 1분
[ 490/500] B-113    오류 0  경과 24.3분  남은시간 약 0분
[ 495/500] B-114    오류 0  경과 24.5분  남은시간 약 0분
[ 500/500] B-115    오류 0  경과 24.9분  남은시간 약 0분

완료. 총 500회, 오류 0회, 24.9분
