20개 x 3회 = 60회 호출

[OK ] G-101  사실 3/3  문장 1종  거부 0  표준 근무시간은 몇 시부터 몇 시까지인가요?
[OK ] G-102  사실 3/3  문장 1종  거부 0  유연근무제의 코어타임은 언제인가요?
[OK ] G-103  사실 3/3  문장 1종  거부 0  재택근무는 일주일에 며칠까지 가능한가요?
[OK ] G-104  사실 3/3  문장 1종  거부 0  입사 1년 이상인 직원의 연차휴가는 며칠인가요?
[OK ] G-105  사실 3/3  문장 1종  거부 0  반차는 연간 몇 회까지 사용할 수 있나요?
[OK ] G-106  사실 3/3  문장 1종  거부 0  본인이 결혼하면 휴가가 며칠이고 경조금은 얼마인가요
[OK ] G-107  사실 3/3  문장 1종  거부 0  배우자 출산 휴가는 며칠인가요?
[OK ] G-108  사실 3/3  문장 1종  거부 0  병가는 연간 며칠까지 사용할 수 있나요?
[OK ] G-109  사실 3/3  문장 1종  거부 0  급여는 매월 며칠에 지급되나요?
[OK ] G-110  사실 3/3  문장 1종  거부 0  식대는 월 얼마까지 비과세인가요?
[FAIL] G-111  사실 0/3  문장 1종  거부 0  자기계발비는 연간 한도가 얼마인가요?
         └ 누락 '금액' 3/3회  기대=['100만원', '100만 원']
[OK ] G-112  사실 3/3  문장 1종  거부 0  정보보안기사 자격증 취득 포상금은 얼마인가요?
[OK ] G-113  사실 3/3  문장 1종  거부 0  만 35세 이상 직원의 건강검진 주기는 어떻게 되나
[OK ] G-114  사실 3/3  문장 1종  거부 0  동호회 지원금은 인당 분기에 얼마인가요?
[OK ] G-115  사실 3/3  문장 1종  거부 0  10년 장기근속 포상금은 얼마인가요?
[OK ] G-116  사실 3/3  문장 1종  거부 0  HR포털 정기 점검은 언제 진행되나요?
[OK ] G-117  사실 3/3  문장 1종  거부 0  정보보안 교육은 매년 몇 월에 진행되나요?
[OK ] G-118  사실 3/3  문장 1종  거부 0  인사평가는 매년 몇 월에 진행되나요?
[OK ] G-119  사실 3/3  문장 1종  거부 0  퇴직금은 퇴직일로부터 며칠 이내에 지급되나요?
[OK ] G-120  사실 3/3  문장 1종  거부 0  인사팀 문의 내선번호는 몇 번인가요?

채택 19/20
보류: G-111
