20개 x 5회 = 100회 호출

[OK ] G-201  사실 5/5  문장 1종  거부 0  이 인사 규정은 누구에게 적용되나요?
[OK ] G-202  사실 5/5  문장 5종  거부 0  표준 근무시간은 몇 시부터 몇 시까지인가요?
[OK ] G-203  사실 5/5  문장 4종  거부 0  유연근무제 코어타임은 언제인가요?
[OK ] G-204  사실 5/5  문장 3종  거부 0  유연근무 출근 시각은 몇 시에서 몇 시 사이에 고를
[OK ] G-205  사실 5/5  문장 5종  거부 0  유연근무는 언제까지 신청해야 하나요?
[OK ] G-206  사실 5/5  문장 5종  거부 0  재택근무는 일주일에 며칠까지 가능한가요?
[OK ] G-207  사실 5/5  문장 3종  거부 0  시간외근무를 사전에 신청하지 못하면 언제까지 등록해
[OK ] G-208  사실 5/5  문장 4종  거부 0  입사 1년 이상인 직원의 연차휴가는 며칠인가요?
[OK ] G-209  사실 5/5  문장 4종  거부 0  오전 반차는 몇 시부터 몇 시까지인가요?
[OK ] G-210  사실 5/5  문장 4종  거부 0  병가는 연간 며칠까지 사용할 수 있나요?
[OK ] G-211  사실 5/5  문장 2종  거부 0  병가 중에는 급여가 얼마나 지급되나요?
[OK ] G-212  사실 5/5  문장 4종  거부 0  급여는 매월 며칠에 지급되나요?
[OK ] G-213  사실 5/5  문장 4종  거부 0  식대는 월 얼마까지 비과세로 지원되나요?
[FAIL] G-214  사실 3/5  문장 3종  거부 0  정보보안기사 자격증 취득 포상금은 얼마인가요?
         └ 누락 '금액' 2/5회  기대=['50만원', '50만 원']
[OK ] G-215  사실 5/5  문장 4종  거부 0  시간외수당은 통상임금의 몇 퍼센트인가요?
[OK ] G-216  사실 5/5  문장 2종  거부 0  만 35세 이상 직원의 건강검진은 얼마나 자주 받나
[OK ] G-217  사실 5/5  문장 4종  거부 0  단체보험은 누구까지 가입되나요?
[OK ] G-218  사실 5/5  문장 3종  거부 0  동호회 지원금은 인당 분기에 얼마인가요?
[FAIL] G-219  사실 0/5  문장 5종  거부 0  명절 상여는 설과 추석에 각각 얼마인가요?
         └ 누락 '금액' 5/5회  기대=['50만원', '50만 원']
[OK ] G-220  사실 5/5  문장 5종  거부 0  10년 장기근속 포상금은 얼마인가요?

채택 18/20
보류: G-214, G-219
