20개 x 5회 = 100회 호출

[OK ] G-301  사실 5/5  문장 5종  거부 0  개인정보 변경은 어디서 신청하나요?
[OK ] G-302  사실 5/5  문장 3종  거부 0  연락처를 변경하면 언제 반영되나요?
[OK ] G-303  사실 5/5  문장 5종  거부 0  급여계좌를 변경하려면 어떤 증빙 서류가 필요한가요?
[OK ] G-304  사실 5/5  문장 4종  거부 0  최종학력 변경 시 필요한 증빙 서류는 무엇인가요?
[OK ] G-305  사실 5/5  문장 2종  거부 0  HR포털 주소는 무엇인가요?
[OK ] G-306  사실 5/5  문장 3종  거부 0  HR포털 정기 점검은 언제 진행되나요?
[OK ] G-307  사실 5/5  문장 3종  거부 0  긴급 점검 시 최소 몇 시간 전에 안내하나요?
[OK ] G-308  사실 5/5  문장 2종  거부 0  비밀번호를 초기화하려면 어디로 문의하나요?
[OK ] G-309  사실 5/5  문장 1종  거부 0  관리자 권한은 몇 개월마다 재검토되나요?
[OK ] G-310  사실 5/5  문장 1종  거부 0  정보보안 교육은 매년 몇 월에 진행되나요?
[OK ] G-311  사실 5/5  문장 2종  거부 0  정보보안 교육은 몇 시간짜리인가요?
[OK ] G-312  사실 5/5  문장 3종  거부 0  생성형 AI 서비스에 입력하면 안 되는 정보는 무엇
[OK ] G-313  사실 5/5  문장 1종  거부 0  보안사고가 의심되면 어디에 신고하나요?
[OK ] G-314  사실 5/5  문장 5종  거부 0  사내 문서를 외부로 반출하려면 어떻게 해야 하나요?
[OK ] G-315  사실 5/5  문장 5종  거부 0  인사평가는 연 몇 회 진행되나요?
[OK ] G-316  사실 5/5  문장 2종  거부 0  평가 결과 이의신청은 며칠 이내에 해야 하나요?
[OK ] G-317  사실 5/5  문장 4종  거부 0  차장의 승진 최소 연한은 몇 년인가요?
[OK ] G-318  사실 5/5  문장 5종  거부 0  퇴직을 원하면 최소 며칠 전에 사직서를 제출해야 하
[OK ] G-319  사실 5/5  문장 3종  거부 0  퇴직금은 퇴직일로부터 며칠 이내에 지급되나요?
[OK ] G-320  사실 5/5  문장 1종  거부 0  재직증명서는 퇴직 후 몇 년간 발급 가능한가요?

채택 20/20
