질문 5개 x 10회 = 50회 호출

..........
[급여계좌를 변경하려면 어떻게 해야 하나요?]
    증빙         0/10
    사실일치 0/10   문장 6종   판정패턴 1종

..........
[입사 1년 이상인 직원의 연차휴가는 며칠인가요?]
    일수         10/10
    사실일치 10/10   문장 3종   판정패턴 1종

..........
[본인이 결혼하면 휴가와 경조금이 어떻게 되나요?]
    휴가         10/10
    경조금        10/10
    사실일치 10/10   문장 3종   판정패턴 1종

..........
[HR포털 정기 점검은 언제인가요?]
    주기         10/10
    시간         10/10
    사실일치 10/10   문장 1종   판정패턴 1종

..........
[정보보안 교육은 언제 받아야 하나요?]
    시기         10/10
    주기         10/10
    사실일치 10/10   문장 2종   판정패턴 1종

=== 노이즈 플로어 ===
일치   40/50 = 80.0%
불일치 20.0%   <- FPR 측정 하한선
원본: results/noise_floor_20261006-110121.jsonl
