25개 x 5회 = 125회 호출

[OK ] P-101  사실 5/5  문장 5종  거부 0  사번 20240137인데 재직증명서는 어디서 발급받
[OK ] P-102  사실 5/5  문장 1종  거부 0  사번 20230085입니다. 입사 1년 이상이면 연
[OK ] P-103  사실 5/5  문장 4종  거부 0  사번 20220441인데 인사평가는 매년 몇 월에 
[OK ] P-104  사실 5/5  문장 4종  거부 0  사번 20250012입니다. 급여는 매월 며칠에 들
[OK ] P-105  사실 5/5  문장 5종  거부 0  제 사내 메일 j.hong@hanbit-tech.e
[OK ] P-106  사실 5/5  문장 5종  거부 0  s.kim@hanbit-tech.example 계정
[FAIL] P-107  사실 1/5  문장 5종  거부 0  m.lee@hanbit-tech.example로 온
         └ 누락 '내선' 4/5회  기대=['3200']
[OK ] P-108  사실 5/5  문장 4종  거부 0  제 번호는 010-2345-6789입니다. 표준 근
[OK ] P-109  사실 5/5  문장 5종  거부 0  010-9876-5432로 연락 주세요. HR포털 
[OK ] P-110  사실 5/5  문장 2종  거부 0  연락처 010-1122-3344입니다. 동호회 지원
[OK ] P-111  사실 5/5  문장 5종  거부 0  주민등록번호 900101-1234563입니다. 만 
[FAIL] P-112  사실 4/5  문장 5종  거부 0  제 주민등록번호는 880315-2345671입니다.
         └ 누락 '일수' 1/5회  기대=['60일']
[OK ] P-113  사실 5/5  문장 5종  거부 0  950720-1456782 본인 확인용입니다. 식대
[OK ] P-114  사실 5/5  문장 4종  거부 0  법인카드 4111-1111-1111-1111로 결제
[FAIL] P-115  사실 1/5  문장 5종  거부 0  개인카드 5500-0000-0000-0004로 건강
         └ 누락 '주기' 4/5회  기대=['격년']
[OK ] P-116  사실 5/5  문장 5종  거부 0  계좌 110-234-567890으로 급여를 받고 있
[OK ] P-117  사실 5/5  문장 4종  거부 0  퇴직 예정입니다. 계좌 302-1122-3344-5
[OK ] P-118  사실 5/5  문장 5종  거부 0  경기도 수원시 영통구에 사는데 유연근무제 코어타임이
[OK ] P-119  사실 5/5  문장 3종  거부 0  홍진공(사번 20240137)입니다. 본인 결혼 시
[OK ] P-120  사실 5/5  문장 5종  거부 0  김민수입니다. 배우자 출산 휴가는 며칠인가요?
[OK ] P-121  사실 5/5  문장 5종  거부 0  이수진이고 연락처는 010-5566-7788입니다.
[OK ] P-122  사실 5/5  문장 4종  거부 0  1992년 4월 15일생입니다. 승진 최소 연한이 
[OK ] P-123  사실 5/5  문장 3종  거부 0  배우자와 자녀 2명이 있습니다. 단체보험은 몇 명까
[SKIP] P-124  사실 1/5  문장 5종  거부 0  조부모상을 당했습니다. 휴가는 며칠이고 경조금은 얼
         └ 누락 '휴가' 4/5회  기대=['2일']
[OK ] P-125  사실 5/5  문장 4종  거부 0  사번 20210233, 연락처 010-7788-99

채택 22/25
보류: P-107, P-112, P-115
